Archive member included to satisfy reference by file (symbol)

C:/Users/Snake-DellPC/Desktop/GITHUB/ninjhax2.x/libctru/lib\libctru.a(svc.o)
                              build/main.o (getThreadCommandBuffer)

Memory Configuration

Name             Origin             Length             Attributes
RAMRO            0x0000000000100000 0x0000000000001000 xr
*default*        0x0000000000000000 0xffffffffffffffff

Linker script and memory map


.text           0x0000000000100000      0x4e8
 build/crt0.o(.init)
 .init          0x0000000000100000       0x40 build/crt0.o
                0x0000000000100000                _start
                0x000000000010003c                _init
 *(.text)
 .text          0x0000000000100040        0x0 build/crt0.o
 .text          0x0000000000100040      0x378 build/main.o
                0x0000000000100040                _strlen
                0x0000000000100050                _strcpy
                0x0000000000100062                _srv_getServiceHandle
                0x00000000001000b8                doGspwn
                0x00000000001000e8                _GSPGPU_InvalidateDataCache
                0x000000000010011c                memset
                0x000000000010012a                memcmp
                0x0000000000100148                memcpy
                0x000000000010015a                _FSUSER_OpenFileDirectly
                0x00000000001001d4                _FSFILE_Close
                0x00000000001001f4                _FSFILE_Read
                0x0000000000100238                _main
 .text          0x00000000001003b8        0x0 build/font.o
 .text          0x00000000001003b8        0x0 build/text.o
 .text          0x00000000001003b8       0xfc build/decomp.o
                0x00000000001003b8                getle32
                0x00000000001003ce                lzss_get_decompressed_size
                0x00000000001003de                _memcpy
                0x00000000001003f0                _memset
                0x00000000001003fe                lzss_decompress
 *fill*         0x00000000001004b4        0xc 
 .text          0x00000000001004c0        0x0 C:/Users/Snake-DellPC/Desktop/GITHUB/ninjhax2.x/libctru/lib\libctru.a(svc.o)
 .text.__stub   0x00000000001004c0       0x24 linker stubs
 *(.rodata)
LOAD build/main.o
LOAD build/font.o
LOAD build/text.o
LOAD build/decomp.o
LOAD C:/Users/Snake-DellPC/Desktop/GITHUB/ninjhax2.x/libctru/lib\libctru.a
LOAD C:/devkitPro/devkitARM/arm-none-eabi/lib\libm.a
OUTPUT(cn_initial.elf elf32-littlearm)

.rodata.str1.1  0x00000000001004e8       0x12
 .rodata.str1.1
                0x00000000001004e8       0x12 build/main.o
                                         0x13 (size before relaxing)

.data           0x0000000000000000        0x0
 .data          0x0000000000000000        0x0 build/crt0.o
 .data          0x0000000000000000        0x0 build/main.o
 .data          0x0000000000000000        0x0 build/font.o
 .data          0x0000000000000000        0x0 build/text.o
 .data          0x0000000000000000        0x0 build/decomp.o
 .data          0x0000000000000000        0x0 C:/Users/Snake-DellPC/Desktop/GITHUB/ninjhax2.x/libctru/lib\libctru.a(svc.o)

.igot.plt       0x0000000000000000        0x0
 .igot.plt      0x0000000000000000        0x0 build/crt0.o

.glue_7         0x00000000001004fc        0x0
 .glue_7        0x00000000001004fc        0x0 linker stubs

.glue_7t        0x00000000001004fc        0x0
 .glue_7t       0x00000000001004fc        0x0 linker stubs

.vfp11_veneer   0x00000000001004fc        0x0
 .vfp11_veneer  0x00000000001004fc        0x0 linker stubs

.v4_bx          0x00000000001004fc        0x0
 .v4_bx         0x00000000001004fc        0x0 linker stubs

.iplt           0x00000000001004fc        0x0
 .iplt          0x00000000001004fc        0x0 build/crt0.o

.text.getThreadCommandBuffer
                0x00000000001004fc        0xc
 .text.getThreadCommandBuffer
                0x00000000001004fc        0xc C:/Users/Snake-DellPC/Desktop/GITHUB/ninjhax2.x/libctru/lib\libctru.a(svc.o)
                0x00000000001004fc                getThreadCommandBuffer

.text.svc_controlMemory
                0x0000000000100508       0x20
 .text.svc_controlMemory
                0x0000000000100508       0x20 C:/Users/Snake-DellPC/Desktop/GITHUB/ninjhax2.x/libctru/lib\libctru.a(svc.o)
                0x0000000000100508                svc_controlMemory

.text.svc_queryMemory
                0x0000000000100528       0x30
 .text.svc_queryMemory
                0x0000000000100528       0x30 C:/Users/Snake-DellPC/Desktop/GITHUB/ninjhax2.x/libctru/lib\libctru.a(svc.o)
                0x0000000000100528                svc_queryMemory

.text.svc_exitProcess
                0x0000000000100558        0x8
 .text.svc_exitProcess
                0x0000000000100558        0x8 C:/Users/Snake-DellPC/Desktop/GITHUB/ninjhax2.x/libctru/lib\libctru.a(svc.o)
                0x0000000000100558                svc_exitProcess

.text.svc_createThread
                0x0000000000100560       0x20
 .text.svc_createThread
                0x0000000000100560       0x20 C:/Users/Snake-DellPC/Desktop/GITHUB/ninjhax2.x/libctru/lib\libctru.a(svc.o)
                0x0000000000100560                svc_createThread

.text.svc_exitThread
                0x0000000000100580        0x8
 .text.svc_exitThread
                0x0000000000100580        0x8 C:/Users/Snake-DellPC/Desktop/GITHUB/ninjhax2.x/libctru/lib\libctru.a(svc.o)
                0x0000000000100580                svc_exitThread

.text.svc_sleepThread
                0x0000000000100588        0x8
 .text.svc_sleepThread
                0x0000000000100588        0x8 C:/Users/Snake-DellPC/Desktop/GITHUB/ninjhax2.x/libctru/lib\libctru.a(svc.o)
                0x0000000000100588                svc_sleepThread

.text.svc_createMutex
                0x0000000000100590       0x14
 .text.svc_createMutex
                0x0000000000100590       0x14 C:/Users/Snake-DellPC/Desktop/GITHUB/ninjhax2.x/libctru/lib\libctru.a(svc.o)
                0x0000000000100590                svc_createMutex

.text.svc_releaseMutex
                0x00000000001005a4        0x8
 .text.svc_releaseMutex
                0x00000000001005a4        0x8 C:/Users/Snake-DellPC/Desktop/GITHUB/ninjhax2.x/libctru/lib\libctru.a(svc.o)
                0x00000000001005a4                svc_releaseMutex

.text.svc_releaseSemaphore
                0x00000000001005ac       0x14
 .text.svc_releaseSemaphore
                0x00000000001005ac       0x14 C:/Users/Snake-DellPC/Desktop/GITHUB/ninjhax2.x/libctru/lib\libctru.a(svc.o)
                0x00000000001005ac                svc_releaseSemaphore

.text.svc_createEvent
                0x00000000001005c0       0x14
 .text.svc_createEvent
                0x00000000001005c0       0x14 C:/Users/Snake-DellPC/Desktop/GITHUB/ninjhax2.x/libctru/lib\libctru.a(svc.o)
                0x00000000001005c0                svc_createEvent

.text.svc_signalEvent
                0x00000000001005d4        0x8
 .text.svc_signalEvent
                0x00000000001005d4        0x8 C:/Users/Snake-DellPC/Desktop/GITHUB/ninjhax2.x/libctru/lib\libctru.a(svc.o)
                0x00000000001005d4                svc_signalEvent

.text.svc_clearEvent
                0x00000000001005dc        0x8
 .text.svc_clearEvent
                0x00000000001005dc        0x8 C:/Users/Snake-DellPC/Desktop/GITHUB/ninjhax2.x/libctru/lib\libctru.a(svc.o)
                0x00000000001005dc                svc_clearEvent

.text.svc_createMemoryBlock
                0x00000000001005e4       0x18
 .text.svc_createMemoryBlock
                0x00000000001005e4       0x18 C:/Users/Snake-DellPC/Desktop/GITHUB/ninjhax2.x/libctru/lib\libctru.a(svc.o)
                0x00000000001005e4                svc_createMemoryBlock

.text.svc_mapMemoryBlock
                0x00000000001005fc        0x8
 .text.svc_mapMemoryBlock
                0x00000000001005fc        0x8 C:/Users/Snake-DellPC/Desktop/GITHUB/ninjhax2.x/libctru/lib\libctru.a(svc.o)
                0x00000000001005fc                svc_mapMemoryBlock

.text.svc_unmapMemoryBlock
                0x0000000000100604        0x8
 .text.svc_unmapMemoryBlock
                0x0000000000100604        0x8 C:/Users/Snake-DellPC/Desktop/GITHUB/ninjhax2.x/libctru/lib\libctru.a(svc.o)
                0x0000000000100604                svc_unmapMemoryBlock

.text.svc_arbitrateAddress
                0x000000000010060c        0x8
 .text.svc_arbitrateAddress
                0x000000000010060c        0x8 C:/Users/Snake-DellPC/Desktop/GITHUB/ninjhax2.x/libctru/lib\libctru.a(svc.o)
                0x000000000010060c                svc_arbitrateAddress

.text.svc_closeHandle
                0x0000000000100614        0x8
 .text.svc_closeHandle
                0x0000000000100614        0x8 C:/Users/Snake-DellPC/Desktop/GITHUB/ninjhax2.x/libctru/lib\libctru.a(svc.o)
                0x0000000000100614                svc_closeHandle

.text.svc_waitSynchronization1
                0x000000000010061c        0x8
 .text.svc_waitSynchronization1
                0x000000000010061c        0x8 C:/Users/Snake-DellPC/Desktop/GITHUB/ninjhax2.x/libctru/lib\libctru.a(svc.o)
                0x000000000010061c                svc_waitSynchronization1

.text.svc_waitSynchronizationN
                0x0000000000100624       0x20
 .text.svc_waitSynchronizationN
                0x0000000000100624       0x20 C:/Users/Snake-DellPC/Desktop/GITHUB/ninjhax2.x/libctru/lib\libctru.a(svc.o)
                0x0000000000100624                svc_waitSynchronizationN

.text.svc_getSystemTick
                0x0000000000100644        0x8
 .text.svc_getSystemTick
                0x0000000000100644        0x8 C:/Users/Snake-DellPC/Desktop/GITHUB/ninjhax2.x/libctru/lib\libctru.a(svc.o)
                0x0000000000100644                svc_getSystemTick

.text.svc_getSystemInfo
                0x000000000010064c       0x1c
 .text.svc_getSystemInfo
                0x000000000010064c       0x1c C:/Users/Snake-DellPC/Desktop/GITHUB/ninjhax2.x/libctru/lib\libctru.a(svc.o)
                0x000000000010064c                svc_getSystemInfo

.text.svc_getProcessInfo
                0x0000000000100668       0x1c
 .text.svc_getProcessInfo
                0x0000000000100668       0x1c C:/Users/Snake-DellPC/Desktop/GITHUB/ninjhax2.x/libctru/lib\libctru.a(svc.o)
                0x0000000000100668                svc_getProcessInfo

.text.svc_connectToPort
                0x0000000000100684       0x14
 .text.svc_connectToPort
                0x0000000000100684       0x14 C:/Users/Snake-DellPC/Desktop/GITHUB/ninjhax2.x/libctru/lib\libctru.a(svc.o)
                0x0000000000100684                svc_connectToPort

.text.svc_sendSyncRequest
                0x0000000000100698        0x8
 .text.svc_sendSyncRequest
                0x0000000000100698        0x8 C:/Users/Snake-DellPC/Desktop/GITHUB/ninjhax2.x/libctru/lib\libctru.a(svc.o)
                0x0000000000100698                svc_sendSyncRequest

.text.svc_getProcessId
                0x00000000001006a0       0x14
 .text.svc_getProcessId
                0x00000000001006a0       0x14 C:/Users/Snake-DellPC/Desktop/GITHUB/ninjhax2.x/libctru/lib\libctru.a(svc.o)
                0x00000000001006a0                svc_getProcessId

.rel.dyn        0x00000000001006b4        0x0
 .rel.iplt      0x00000000001006b4        0x0 build/crt0.o

.bss            0x0000000000000000        0x0
 .bss           0x0000000000000000        0x0 build/crt0.o
 .bss           0x0000000000000000        0x0 build/main.o
 .bss           0x0000000000000000        0x0 build/font.o
 .bss           0x0000000000000000        0x0 build/text.o
 .bss           0x0000000000000000        0x0 build/decomp.o
 .bss           0x0000000000000000        0x0 C:/Users/Snake-DellPC/Desktop/GITHUB/ninjhax2.x/libctru/lib\libctru.a(svc.o)

.ARM.attributes
                0x0000000000000000       0x25
 .ARM.attributes
                0x0000000000000000       0x19 build/crt0.o
 .ARM.attributes
                0x0000000000000019       0x29 build/main.o
 .ARM.attributes
                0x0000000000000042       0x29 build/font.o
 .ARM.attributes
                0x000000000000006b       0x29 build/text.o
 .ARM.attributes
                0x0000000000000094       0x29 build/decomp.o
 .ARM.attributes
                0x00000000000000bd       0x19 C:/Users/Snake-DellPC/Desktop/GITHUB/ninjhax2.x/libctru/lib\libctru.a(svc.o)

.comment        0x0000000000000000       0x22
 .comment       0x0000000000000000       0x22 build/main.o
                                         0x23 (size before relaxing)
 .comment       0x0000000000000022       0x23 build/font.o
 .comment       0x0000000000000022       0x23 build/text.o
 .comment       0x0000000000000022       0x23 build/decomp.o
